[www.google.lk/index.html]
[backblue.gif]
[fade.gif]
[index.html]
[www.google.lk/imghp5881.html]
[www.google.lk/preferencesfef7]
[www.google.lk/images/branding/googlelogo/1x/googlelogo_white_background_color_272x92dp.png]
[www.google.lk/services/index.html]
[www.google.lk/advanced_search61d6.html]
[www.google.lk/index.html]
[www.google.lk/intl/en/policies/terms/index.html]
[www.google.lk/intl/en/policies/privacy/index.html]
[www.google.lk/intl/en_ALL/images/branding/googlelogo/1x/googlelogo_white_background_color_272x92dp.png]
[www.google.lk/imghpee58.html]
[www.google.lk/imghp5881.html]
[www.google.lk/advanced_image_search61d6.html]
[www.google.lk/safesearchb026.html]
[www.google.lk/preferencesfef7]
[www.google.lk/webhp3d1f.html]
[www.google.lk/advanced_search61d6.html]
[www.google.lk/intl/en/ads/index.html]
[www.google.lk/services/index.html]
[www.google.lk/intl/en/about/index.html]
[www.google.lk/intl/en/policies/privacy/index.html]
[www.google.lk/intl/en/policies/terms/index.html]
[www.google.lk/imghpee58.html]
[www.google.lk/webhpee58.html]
[www.google.lk/advanced_image_searchfef7.html]
[www.google.lk/advanced_image_search61d6.html]
[www.google.lk/setting/search/privateresults/index61d6.html]
[www.google.lk/images/branding/searchlogo/1x/googlelogo_desk_heirloom_color_150x55dp.gif]
[www.google.lk/safesearchb026.html]
[www.google.lk/gci_91f30755d6a6b787dcc2a4062e6e9824.html]
[www.google.lk/Edg/index.html]
[www.google.lk/+/index.html]
[www.google.lk/webhp3d1f.html]
[www.google.lk/gbar.html]
[www.google.lk/intl/en/policies/privacy/curl.html]
[www.google.lk/intl/en/policies/terms/curl.html]
[www.google.lk/indexdeaa.html]
[www.google.lk/preferencesc141]
[www.google.lk/advanced_image_searchfef7.html]
[www.google.lk/webhpee58.html]
[www.google.lk/setting/search/privateresults/indexfef7.html]
[www.google.lk/indexdeaa.html]
[www.google.lk/safesearch1176.html]
[www.google.lk/preferencesc141]
[www.google.lk/safesearch1176.html]
